// Jest Snapshot v1, https://goo.gl/fbAQLP

exports[`should render Not Found Page component 1`] = `
<div>
  404! - 
  <Link
    exact={true}
    replace={false}
    to="/"
  >
     Go home
  </Link>
</div>
`;
